src/components/layout/ScrollyPhase.tsx(5,20): error TS2307: Cannot find module '@/lib/utils' or its corresponding type declarations.
